---
source: minigu/gql/parser/src/parser/impls/lexical.rs
assertion_line: 342
expression: parsed
---
- Vector:
    values: []
- start: 0
  end: 9
