---
source: minigu/gql/parser/src/parser/impls/lexical.rs
assertion_line: 336
expression: parsed
---
~
